// Jest Snapshot v1, https://goo.gl/fbAQLP

exports[`ToggleWeather component should render ToggleWeather component 1`] = `
Object {
  "asFragment": [Function],
  "baseElement": <body>
    <script
      defer=""
      src="https://maps.googleapis.com/maps/api/js?key=AIzaSyCVTVRvhts70T-KlhGw14mejDBAVFTlb7w&libraries=places"
      type="text/javascript"
    />
    <div>
      <div
        class="toggle-weather_container "
      >
        <a
          class="app-link today"
          href="/"
        >
          Today
        </a>
        <a
          class="app-link"
          href="/fivedays"
        >
          Five days
        </a>
      </div>
    </div>
  </body>,
  "container": <div>
    <div
      class="toggle-weather_container "
    >
      <a
        class="app-link today"
        href="/"
      >
        Today
      </a>
      <a
        class="app-link"
        href="/fivedays"
      >
        Five days
      </a>
    </div>
  </div>,
  "debug": [Function],
  "findAllByAltText": [Function],
  "findAllByDisplayValue": [Function],
  "findAllByLabelText": [Function],
  "findAllByPlaceholderText": [Function],
  "findAllByRole": [Function],
  "findAllByTestId": [Function],
  "findAllByText": [Function],
  "findAllByTitle": [Function],
  "findByAltText": [Function],
  "findByDisplayValue": [Function],
  "findByLabelText": [Function],
  "findByPlaceholderText": [Function],
  "findByRole": [Function],
  "findByTestId": [Function],
  "findByText": [Function],
  "findByTitle": [Function],
  "getAllByAltText": [Function],
  "getAllByDisplayValue": [Function],
  "getAllByLabelText": [Function],
  "getAllByPlaceholderText": [Function],
  "getAllByRole": [Function],
  "getAllByTestId": [Function],
  "getAllByText": [Function],
  "getAllByTitle": [Function],
  "getByAltText": [Function],
  "getByDisplayValue": [Function],
  "getByLabelText": [Function],
  "getByPlaceholderText": [Function],
  "getByRole": [Function],
  "getByTestId": [Function],
  "getByText": [Function],
  "getByTitle": [Function],
  "queryAllByAltText": [Function],
  "queryAllByDisplayValue": [Function],
  "queryAllByLabelText": [Function],
  "queryAllByPlaceholderText": [Function],
  "queryAllByRole": [Function],
  "queryAllByTestId": [Function],
  "queryAllByText": [Function],
  "queryAllByTitle": [Function],
  "queryByAltText": [Function],
  "queryByDisplayValue": [Function],
  "queryByLabelText": [Function],
  "queryByPlaceholderText": [Function],
  "queryByRole": [Function],
  "queryByTestId": [Function],
  "queryByText": [Function],
  "queryByTitle": [Function],
  "rerender": [Function],
  "unmount": [Function],
}
`;
